[2026-05-29 10:56:40.582] [info] Using configuration file /home/alxk/.config/waybar/config
[2026-05-29 10:56:40.582] [info] Including resource file: $HOME/.config/waybar/Modules
[2026-05-29 10:56:40.583] [info] Including resource file: $HOME/.config/waybar/ModulesWorkspaces
[2026-05-29 10:56:40.583] [info] Including resource file: $HOME/.config/waybar/ModulesCustom
[2026-05-29 10:56:40.583] [info] Including resource file: $HOME/.config/waybar/ModulesGroups
[2026-05-29 10:56:40.583] [info] Including resource file: $HOME/.config/waybar/UserModules
[2026-05-29 10:56:40.585] [info] Discovered appearance 'dark'
[2026-05-29 10:56:40.598] [info] Using CSS file /home/alxk/.config/waybar/style.css
Failed to register: GDBus.Error:org.freedesktop.DBus.Error.NoReply: Remote peer disconnected
[2026-05-29 10:56:40.751] [warning] Failed to open bar ipc connection: Socket path is empty
[2026-05-29 10:56:40.758] [info] Hyprland IPC starting
[2026-05-29 10:56:40.771] [info] Loading persistent workspaces from Waybar config
[2026-05-29 10:56:40.771] [info] Loading persistent workspaces from Hyprland workspace rules
[2026-05-29 10:56:40.771] [info] Registering for Hyprland's 'windowtitlev2' events because a user-defined window rewrite rule uses the 'title' field.
time=2026-05-29T10:56:40.789+03:00 level=INFO msg="starting waybar-weather service" version=0.3.0 commit=main-via-aur date=2026-05-13T14:06:30Z process_id=114158
[2026-05-29 10:56:40.905] [info] Found device AT Translated Set 2 keyboard at '/dev/input/event2'
[2026-05-29 10:56:40.974] [warning] Failed to open bar ipc connection: Socket path is empty
[2026-05-29 10:56:40.988] [info] Loading persistent workspaces from Waybar config
[2026-05-29 10:56:40.988] [info] Loading persistent workspaces from Hyprland workspace rules
[2026-05-29 10:56:40.988] [info] Registering for Hyprland's 'windowtitlev2' events because a user-defined window rewrite rule uses the 'title' field.
time=2026-05-29T10:56:41.003+03:00 level=INFO msg="starting waybar-weather service" version=0.3.0 commit=main-via-aur date=2026-05-13T14:06:30Z process_id=114239
[2026-05-29 10:56:41.165] [info] Found device AT Translated Set 2 keyboard at '/dev/input/event2'

** (waybar:114096): WARNING **: 10:56:41.232: Status Notifier Item with bus name ':1.16' and object path '/org/ayatana/NotificationItem/nm_applet' is already registered
Done                       cava -p "$config_file" | sed -u "$dict"
Charging
Charging
[2026-05-29 10:56:41.536] [info] Bar configured (width: 1904, height: 34) for output: eDP-1
[2026-05-29 10:56:41.536] [info] Bar configured (width: 1904, height: 34) for output: HDMI-A-1
[2026-05-29 10:56:41.549] [error] cava_mviz stopped unexpectedly, is it endless?

** (waybar:114096): WARNING **: 10:56:42.793: Status Notifier Item with bus name ':1.16' and object path '/org/ayatana/NotificationItem/nm_applet' is already registered
Charging
Charging
Charging
Charging
[2026-05-29 10:59:14.490] [info] Hyprland config reloaded, reinitializing hyprland/workspaces module...
[2026-05-29 10:59:14.521] [info] Loading persistent workspaces from Waybar config
[2026-05-29 10:59:14.521] [info] Loading persistent workspaces from Hyprland workspace rules
[2026-05-29 10:59:14.521] [info] Hyprland config reloaded, reinitializing hyprland/workspaces module...
[2026-05-29 10:59:14.523] [info] Loading persistent workspaces from Waybar config
[2026-05-29 10:59:14.523] [info] Loading persistent workspaces from Hyprland workspace rules
[2026-05-29 10:59:26.715] [info] Hyprland config reloaded, reinitializing hyprland/workspaces module...
[2026-05-29 10:59:26.749] [info] Loading persistent workspaces from Waybar config
[2026-05-29 10:59:26.749] [info] Loading persistent workspaces from Hyprland workspace rules
[2026-05-29 10:59:26.749] [info] Hyprland config reloaded, reinitializing hyprland/workspaces module...
[2026-05-29 10:59:26.751] [info] Loading persistent workspaces from Waybar config
[2026-05-29 10:59:26.752] [info] Loading persistent workspaces from Hyprland workspace rules

(waybar:114096): Gtk-WARNING **: 11:01:21.277: drawing failure for widget 'gtkmm__GtkButton': out of memory

(waybar:114096): Gtk-WARNING **: 11:01:21.277: drawing failure for widget 'gtkmm__GtkBox': out of memory

(waybar:114096): Gtk-WARNING **: 11:01:21.277: drawing failure for widget 'gtkmm__GtkEventBox': out of memory

(waybar:114096): Gtk-WARNING **: 11:01:21.278: drawing failure for widget 'gtkmm__GtkBox': out of memory

(waybar:114096): Gtk-WARNING **: 11:01:21.278: drawing failure for widget 'gtkmm__GtkBox': out of memory

(waybar:114096): Gtk-WARNING **: 11:01:21.278: drawing failure for widget 'gtkmm__GtkWindow': out of memory
Charging
Charging
Charging
Charging
Charging
Charging
Charging
Charging
[2026-05-29 11:02:46.987] [info] Hyprland config reloaded, reinitializing hyprland/workspaces module...
[2026-05-29 11:02:47.028] [info] Loading persistent workspaces from Waybar config
[2026-05-29 11:02:47.029] [info] Loading persistent workspaces from Hyprland workspace rules
[2026-05-29 11:02:47.029] [info] Hyprland config reloaded, reinitializing hyprland/workspaces module...
[2026-05-29 11:02:47.030] [info] Loading persistent workspaces from Waybar config
[2026-05-29 11:02:47.030] [info] Loading persistent workspaces from Hyprland workspace rules
time=2026-05-29T11:39:26.932+03:00 level=INFO msg="shutting down waybar-weather service"
Terminated                 cava -p "$config_file" | sed -u "$dict"
Charging
Charging
Charging
Charging
Charging
Charging
Charging
Charging
Charging
Charging
Charging
Charging
Charging
Charging
Charging
Charging
Charging
Charging
Charging
Charging
Charging
Charging
Charging
Charging
Charging
Charging
Charging
Charging
Charging
Charging
Charging
Charging
Charging
Charging
Charging
Charging
Charging
Charging
Charging
Charging
Charging
Charging
Charging
Charging
Charging
Charging
Charging
Charging
Charging
Charging
Charging
Charging
Charging
Charging
Charging
Charging
Charging
Charging
Charging
Charging
Charging
Charging
Charging
Charging
Charging
Charging
Charging
Charging
Charging
Charging
Charging
Charging
Charging
Charging
[2026-05-29 11:39:27.015] [info] Bar removed from output: HDMI-A-1
Discharging
Discharging
Discharging
Discharging
Discharging
Discharging
Discharging
Discharging
Discharging
Discharging
Discharging
Discharging
Discharging
Discharging
Discharging
Discharging
Discharging
Discharging
Discharging
Discharging
[2026-05-29 12:09:30.479] [warning] Requested height: 34 is less than the minimum height: 35 required by the modules
[2026-05-29 12:09:30.479] [info] Bar configured (width: 1904, height: 35) for output: eDP-1
[2026-05-29 12:09:33.539] [info] Bar configured (width: 1904, height: 34) for output: eDP-1
Running on Hyprland
eDP-1 {'active': True, 'mirror': '', 'scale_filter': None, 'modes': [{'width': 1920, 'height': 1080, 'refresh': 60010.0}, {'width': 1680, 'height': 1050, 'refresh': 60010.0}, {'width': 1280, 'height': 1024, 'refresh': 60010.0}, {'width': 1440, 'height': 900, 'refresh': 60010.0}, {'width': 1280, 'height': 800, 'refresh': 60010.0}, {'width': 1280, 'height': 720, 'refresh': 60010.0}, {'width': 1024, 'height': 768, 'refresh': 60010.0}, {'width': 800, 'height': 600, 'refresh': 60010.0}, {'width': 640, 'height': 480, 'refresh': 60010.0}], 'focused': True, 'adaptive_sync_status': 'disabled', 'description': 'Chimei Innolux Corporation 0x15E7', 'x': 1920, 'y': 1080, 'refresh': 60.01, 'logical-width': 1920.0, 'logical-height': 1080.0, 'physical-width': 1920, 'physical-height': 1080, 'transform': 'normal', 'scale': 1.0, 'dpms': True, 'ten_bit': False, 'model': '0x15E7', 'monitor': <__gi__.GdkWaylandMonitor object at 0x7ffab842d8c0 (GdkWaylandMonitor at 0x5606c3af9180)>}
Discharging
Discharging
Discharging
Discharging
Discharging
Discharging
Discharging
Discharging
Discharging
Discharging
Discharging
Discharging
Discharging
Discharging
Discharging
Discharging
Discharging
Discharging
Discharging
Discharging
Discharging
Discharging
Discharging
Discharging
Discharging
Discharging
Discharging
Discharging
Discharging
Discharging
Discharging
Discharging
Discharging
Discharging
Discharging
Discharging
Discharging
Discharging
Discharging
Discharging
Discharging
Discharging
Discharging
Discharging
Discharging
Discharging
Discharging
Discharging
Discharging
Discharging
Discharging
Discharging
Discharging
Discharging
Discharging
Discharging
Discharging
Discharging
Discharging
Discharging
Discharging
Discharging
Discharging
Discharging
Discharging
Discharging
Discharging
Discharging
Discharging
Discharging
Discharging
Discharging
Discharging
Discharging
Discharging
Discharging
Discharging
Discharging
Discharging
Discharging
Discharging
Discharging
Discharging
Discharging
Discharging
Discharging
Discharging
Discharging
Discharging
Discharging
Discharging
Discharging
Discharging
Discharging
Discharging
Discharging
Discharging
Discharging
Discharging
Discharging
Discharging
Discharging
Discharging
Discharging
Discharging
Discharging
Discharging
Discharging
Discharging
Discharging
Discharging
Discharging
Discharging
Discharging
Discharging
Discharging
Discharging
Discharging
Discharging
Discharging
Discharging
Discharging
Discharging
Discharging
Discharging
Discharging
Discharging
Discharging
Discharging
Discharging
Discharging
Discharging
Discharging
Discharging
Discharging
Discharging
Discharging
Discharging
Discharging
Discharging
Discharging
Discharging
Discharging
Discharging
Discharging
Discharging
Discharging
Discharging
Discharging
Discharging
Discharging
Discharging
Discharging
Discharging
Discharging
Discharging
Discharging
Charging
Charging
Charging
Charging
Charging
Charging
Charging
Charging
Charging
Charging
Charging
Charging
Charging
Charging
Charging
[2026-05-29 16:47:56.082] [warning] Failed to open bar ipc connection: Socket path is empty
[2026-05-29 16:47:56.102] [info] Loading persistent workspaces from Waybar config
[2026-05-29 16:47:56.103] [info] Loading persistent workspaces from Hyprland workspace rules
[2026-05-29 16:47:56.103] [info] Registering for Hyprland's 'windowtitlev2' events because a user-defined window rewrite rule uses the 'title' field.
time=2026-05-29T16:47:56.128+03:00 level=INFO msg="starting waybar-weather service" version=0.3.0 commit=main-via-aur date=2026-05-13T14:06:30Z process_id=375720
[2026-05-29 16:47:56.263] [info] Found device AT Translated Set 2 keyboard at '/dev/input/event2'
Charging
[2026-05-29 16:47:56.444] [info] Bar configured (width: 1904, height: 34) for output: HDMI-A-1
time=2026-05-29T17:45:02.299+03:00 level=INFO msg="shutting down waybar-weather service"
Terminated                 cava -p "$config_file" | sed -u "$dict"
[*** LOG ERROR #0001 ***] [2026-05-29 17:45:02] [] Rethrowing unknown exception in logger
Charging
Charging
Charging
Charging
Charging
Charging
Charging
Charging
Charging
Charging
Charging
Charging
Charging
Charging
Charging
Charging
Charging
Charging
Charging
Charging
Charging
Charging
Charging
Charging
Charging
Charging
Charging
Charging
Charging
Charging
Charging
Charging
Charging
Charging
Charging
Charging
Charging
Charging
Charging
Charging
Charging
Charging
Charging
Charging
Charging
Charging
Charging
Charging
Charging
Charging
Charging
Charging
Charging
Charging
Charging
Charging
Charging
Charging
Charging
Charging
Charging
Charging
Charging
Charging
Charging
Charging
Charging
Charging
Charging
Charging
Charging
Charging
Charging
Charging
Charging
Charging
Charging
Charging
Charging
Charging
Charging
Charging
Charging
Charging
Charging
Charging
Charging
Charging
Charging
Charging
Charging
Charging
Charging
Charging
Charging
Charging
Charging
Charging
Charging
Charging
Charging
Charging
Charging
Charging
Charging
Charging
Charging
Charging
Charging
Charging
Charging
Charging
Charging
Charging
Charging
Charging
Charging
Charging
[2026-05-29 17:45:02.385] [error] cava_mviz stopped unexpectedly, is it endless?
[2026-05-29 17:45:02.386] [info] Bar removed from output: HDMI-A-1
Charging
Discharging
Discharging
Discharging
Discharging
Discharging
Discharging
Discharging
Discharging
Discharging
Discharging
Discharging
Discharging
Discharging
Discharging
Discharging
Discharging
Discharging
Discharging
Discharging
Charging
Charging
Charging
Charging
Charging
Charging
Charging
Charging
Charging
Charging
Discharging
Discharging
Discharging
Discharging
Discharging
Discharging
Discharging
Discharging
Discharging
Discharging
Discharging
Discharging
Discharging
Discharging
Discharging
Discharging
Discharging
Discharging
Discharging
Discharging
Discharging
Discharging
Discharging
Discharging
Discharging
Discharging
Discharging
Discharging
Discharging
Discharging
Discharging
Discharging
Discharging
Discharging
Discharging
Discharging
Discharging
Discharging
Discharging
Discharging
Discharging
Discharging
Discharging
Discharging
Discharging
Discharging
Discharging
Discharging
Discharging
Discharging
Discharging
Discharging
Discharging
Discharging
Discharging
Discharging
Discharging
[2026-05-29 18:11:51.599] [info] Found device Telink Wireless Receiver at '/dev/input/event13'
[2026-06-02 14:09:23.820] [info] Using configuration file /home/alxk/.config/waybar/config
[2026-06-02 14:09:23.821] [info] Including resource file: $HOME/.config/waybar/Modules
[2026-06-02 14:09:23.822] [info] Including resource file: $HOME/.config/waybar/ModulesWorkspaces
[2026-06-02 14:09:23.823] [info] Including resource file: $HOME/.config/waybar/ModulesCustom
[2026-06-02 14:09:23.824] [info] Including resource file: $HOME/.config/waybar/ModulesGroups
[2026-06-02 14:09:23.825] [info] Including resource file: $HOME/.config/waybar/UserModules
[2026-06-02 14:09:23.829] [info] Discovered appearance 'dark'
[2026-06-02 14:09:23.852] [info] Using CSS file /home/alxk/.config/waybar/style.css
Failed to register: GDBus.Error:org.freedesktop.DBus.Error.NoReply: Remote peer disconnected
[2026-06-02 14:09:23.934] [warning] Failed to open bar ipc connection: Socket path is empty
[2026-06-02 14:09:23.944] [info] Hyprland IPC starting
[2026-06-02 14:09:23.960] [info] Loading persistent workspaces from Waybar config
[2026-06-02 14:09:23.961] [info] Loading persistent workspaces from Hyprland workspace rules
[2026-06-02 14:09:23.961] [info] Registering for Hyprland's 'windowtitlev2' events because a user-defined window rewrite rule uses the 'title' field.
time=2026-06-02T14:09:23.995+03:00 level=INFO msg="starting waybar-weather service" version=0.3.0 commit=main-via-aur date=2026-05-13T14:06:30Z process_id=405977
[2026-06-02 14:09:24.096] [info] Found device Telink Wireless Receiver at '/dev/input/event6'
[2026-06-02 14:09:24.147] [info] Found device AT Translated Set 2 keyboard at '/dev/input/event2'

** (waybar:405914): WARNING **: 14:09:24.264: Status Notifier Item with bus name ':1.16' and object path '/org/ayatana/NotificationItem/nm_applet' is already registered
Discharging
[2026-06-02 14:09:24.429] [info] Bar configured (width: 1904, height: 34) for output: eDP-1

** (waybar:405914): WARNING **: 14:09:25.632: Status Notifier Item with bus name ':1.16' and object path '/org/ayatana/NotificationItem/nm_applet' is already registered

(waybar:405914): Gtk-WARNING **: 14:26:49.493: Failed to set text '<span>Earth, Wind & Fire  September</span>' from markup due to error parsing markup: Error on line 1: Entity did not end with a semicolon; most likely you used an ampersand character without intending to start an entity — escape ampersand as &amp;
Discharging
Discharging
Discharging
Discharging
Discharging
Discharging
Discharging
Discharging
Discharging
Discharging
Discharging
Discharging
Discharging
Discharging
Discharging
Discharging
Discharging
Discharging
Discharging
Discharging
Discharging
Discharging
Discharging
Discharging
Discharging
Discharging
Discharging
Discharging
Discharging
Discharging
Discharging
Discharging
Discharging
Discharging
Discharging
Discharging
Discharging
Discharging
Discharging
Discharging
Discharging
Discharging
Discharging
Discharging
Discharging
Discharging
Discharging
Discharging
Discharging
Discharging
Discharging
Discharging
Discharging
Discharging
Discharging
Discharging
Discharging
Discharging
Discharging
Discharging
Discharging
Discharging
Discharging
Discharging
Discharging
Discharging
Discharging
Discharging
Discharging
Discharging
Discharging
Discharging
Discharging
Discharging
Discharging
Discharging
Discharging
Discharging
Discharging
Discharging
Discharging
Discharging
Discharging
Discharging
Discharging
Discharging
Discharging
Discharging
Discharging
Discharging
Discharging
Discharging
Discharging
Discharging
Discharging
Discharging
Discharging
Discharging
Discharging
Discharging
Discharging
Discharging
Discharging
Discharging
Discharging
Discharging
Discharging
Discharging
Discharging
Discharging
Discharging
Discharging
Discharging
Discharging
Discharging
Discharging
Discharging
Discharging
Discharging
Discharging
Discharging
Discharging
Discharging
Discharging
Discharging
Discharging
Discharging
Discharging
Discharging
Discharging
Discharging
Discharging
Discharging
Discharging
Discharging
Discharging
Discharging
Discharging
Discharging
Discharging
Discharging
Discharging
Discharging
Discharging
Discharging
Discharging
Discharging
Discharging
Discharging
Discharging
Discharging
Discharging
Discharging
Discharging
Discharging
Discharging
Discharging
Discharging
Discharging
Discharging
Discharging
Charging
Charging
Charging
Charging
Charging
Charging
Charging
Charging
Charging
Charging
Charging
[2026-06-02 15:08:41.667] [warning] Failed to open bar ipc connection: Socket path is empty
Done                       cava -p "$config_file" | sed -u "$dict"
[2026-06-02 15:08:41.747] [info] Loading persistent workspaces from Waybar config
[2026-06-02 15:08:41.747] [info] Loading persistent workspaces from Hyprland workspace rules
[2026-06-02 15:08:41.747] [info] Registering for Hyprland's 'windowtitlev2' events because a user-defined window rewrite rule uses the 'title' field.
time=2026-06-02T15:08:41.770+03:00 level=INFO msg="starting waybar-weather service" version=0.3.0 commit=main-via-aur date=2026-05-13T14:06:30Z process_id=454181
[2026-06-02 15:08:41.805] [error] cava_mviz stopped unexpectedly, is it endless?
[2026-06-02 15:08:41.953] [info] Found device Telink Wireless Receiver at '/dev/input/event6'
[2026-06-02 15:08:42.003] [info] Found device AT Translated Set 2 keyboard at '/dev/input/event2'
Charging
[2026-06-02 15:08:42.192] [info] Bar configured (width: 1904, height: 34) for output: HDMI-A-1
time=2026-06-02T15:12:22.309+03:00 level=INFO msg="shutting down waybar-weather service"
terminate called without an active exception
Terminated                 cava -p "$config_file" | sed -u "$dict"
Charging
Charging
Charging
Charging
Charging
Charging
Charging
Charging
[2026-06-02 15:12:22.399] [info] Bar removed from output: HDMI-A-1

(waybar:405914): Gtk-WARNING **: 15:32:35.982: Failed to set text '<span>Earth, Wind & Fire  September</span>' from markup due to error parsing markup: Error on line 1: Entity did not end with a semicolon; most likely you used an ampersand character without intending to start an entity — escape ampersand as &amp;

(waybar:405914): Gtk-WARNING **: 17:56:15.624: Failed to set text '<span>GAMPER & DADONI  On Repeat</span>' from markup due to error parsing markup: Error on line 1: Entity did not end with a semicolon; most likely you used an ampersand character without intending to start an entity — escape ampersand as &amp;

** (waybar:405914): WARNING **: 18:19:46.690: Status Notifier Item with bus name ':1.16' and object path '/org/ayatana/NotificationItem/nm_applet' is already registered

(waybar:405914): Gtk-WARNING **: 19:44:20.347: Failed to set text '<span>Filatov & Karas  Лирика (feat. Masha)</span>' from markup due to error parsing markup: Error on line 1: Entity did not end with a semicolon; most likely you used an ampersand character without intending to start an entity — escape ampersand as &amp;
Discharging
Discharging
Discharging
Discharging
Discharging
Discharging
Discharging
Discharging
Discharging
Charging
Charging
Charging
Charging
Charging
Charging
Charging
Charging
Charging
Charging
Charging
Charging
Charging
Charging
Charging
Charging
Charging
Charging
Charging
Charging
Charging
Charging
Charging
Charging
Charging
Charging
Charging
Charging
Charging
Charging
Charging
Charging
Charging
Charging
Charging
Charging
Charging
Charging
Charging
Charging
Charging
Charging
Charging
Charging
Charging
Charging
Charging
Charging
Charging
Charging
Charging
Charging
Charging
Charging
Charging
Charging
Charging
Charging
Charging
Charging
Charging
Charging
Charging
Charging
Charging
Charging
Charging
Charging
Charging
Charging
Charging
Charging
Charging
Charging
Charging
Charging
Charging
Charging
Charging
Charging
Charging
Charging
Charging
Charging
Charging
Charging
Charging
Charging
Charging
Charging
Charging
Charging
Charging
Charging
Charging
Charging
Charging
Charging
Charging
Charging
Charging
Charging
Charging
Charging
Charging
Charging
Charging
Charging
Charging
Charging
Charging
Charging
Charging
Charging
Charging
Charging
Charging
Charging
Charging
Charging
Charging
Charging
Charging
Charging
Charging
Charging
Charging
Charging
Charging
Charging
Charging
Charging
Charging
Charging
Charging
Charging
Charging
Charging
Full
Discharging
Discharging
Discharging
Discharging
Discharging
Discharging
Discharging
Discharging
Discharging
Discharging
Discharging
Discharging
Discharging
Discharging
Discharging
Discharging
Discharging
Discharging
Discharging
Discharging
Discharging
Discharging
Discharging
Discharging
Discharging
Discharging
Discharging
Discharging
Discharging
Discharging
Discharging
Discharging
Discharging
Discharging
Discharging
Discharging
Discharging
Discharging
Discharging
Discharging
Discharging
Discharging
Discharging
Discharging
Discharging
Discharging
Discharging
Discharging
Discharging
Discharging
Discharging
Discharging
Discharging
Discharging
Discharging
Discharging
Discharging
Discharging
Discharging
Discharging
Discharging
Discharging
Discharging
Discharging
Discharging
Discharging
Discharging
Discharging
Discharging
Discharging
Discharging
Discharging
Discharging
Discharging
Discharging
Discharging
Discharging
Discharging
Discharging
Discharging
Discharging
Discharging
Discharging
Discharging
Discharging
Discharging
Discharging
Discharging
Discharging
Discharging
Discharging
Discharging
Discharging
Discharging
Discharging
Discharging
Discharging
Discharging
Discharging
Discharging
Discharging
Discharging
Discharging
Discharging
Discharging
Discharging
Discharging
Discharging
Discharging
Discharging
Discharging
Discharging
Discharging
Discharging
Discharging
Discharging
Discharging
Discharging
Discharging
Discharging
Discharging
Discharging
Discharging
Discharging
Discharging
Discharging
Discharging
Discharging
Discharging
Discharging
Discharging
Discharging
Discharging
Discharging
Discharging
Discharging
Discharging
Discharging
Discharging
Discharging
Discharging
Discharging
Discharging
Discharging
Discharging
Discharging
Discharging
Discharging
Discharging
Discharging
Discharging
Discharging
Discharging
Discharging
Discharging
Discharging
Discharging
Discharging
Discharging
Discharging
Discharging
Discharging
Discharging
Discharging
Discharging
Discharging
Discharging
Discharging
Discharging
Discharging
Discharging
Discharging
Discharging
Discharging
Discharging
Discharging
Discharging
Discharging
Discharging
Discharging
Discharging
Discharging
Discharging
Discharging
Discharging
Discharging
Discharging
Discharging
Discharging
Discharging
Discharging
Discharging
Discharging
Discharging
Discharging
Discharging
Discharging
Discharging
Discharging
Discharging
Discharging
Discharging
Discharging
Discharging
Discharging
Discharging
Discharging
Discharging
Discharging
Discharging
Discharging
Charging
Charging
Charging
Charging
Charging
Charging
Charging
Charging
Charging
Charging
Charging
Charging
Charging
Charging
Charging
Charging
Charging
Charging
Charging
Charging
Charging
Charging
Charging
Chok
ok
ok
ok
ok
ok
ok
ok
ok
ok
ok
ok
ok
ok
ok
ok
ok
ok
ok
ok
ok
ok
ok
ok
ok
ok
ok
ok
ok
ok
ok
ok
ok
ok
ok
ok
ok
ok
ok
ok
ok
ok
ok
ok
ok
ok
ok
ok
ok
ok
ok
ok
ok
ok
ok
ok
ok
ok
ok
ok
ok
ok
ok
ok
ok
ok
ok
ok
ok
ok
ok
ok
ok
ok
ok
ok
ok
ok
ok
ok
ok
ok
ok
ok
ok
ok
ok
ok
ok
ok
ok

** (waybar:405914): WARNING **: 23:42:49.950: Status Notifier Item with bus name ':1.16' and object path '/org/ayatana/NotificationItem/nm_applet' is already registered
